MPLINK 4.35, Linker
Linker Map File - Created Wed Mar 02 01:14:43 2011

                                 Section Info
                  Section       Type    Address   Location Size(Bytes)
                ---------  ---------  ---------  ---------  ---------
               _entry_scn       code   0x000000    program   0x000006
           .code___init.o       code   0x000006    program   0x000002
      high_vector_section       code   0x000008    program   0x000006
         .romdata_c018i.o    romdata   0x00000e    program   0x000000
          .idata_main.o_i    romdata   0x00000e    program   0x000007
          .romdata_main.o    romdata   0x00000e    program   0x000000
        .romdata___init.o    romdata   0x00000e    program   0x000000
         .idata_c018i.o_i    romdata   0x000015    program   0x000000
        .idata___init.o_i    romdata   0x000015    program   0x000000
            .code_c018i.o       code   0x000016    program   0x000000
       low_vector_section       code   0x000018    program   0x000006
                   .cinit    romdata   0x00001e    program   0x00000e
             .code_main.o       code   0x00002c    program   0x000696
                     PROG       code   0x0006c2    program   0x00028a
               _cinit_scn       code   0x00094c    program   0x00009e
                    .code       code   0x0009ea    program   0x000020
             _startup_scn       code   0x000a0a    program   0x00001c
    .config_300001_main.o    romdata   0x300001    program   0x000001
    .config_300002_main.o    romdata   0x300002    program   0x000001
    .config_300003_main.o    romdata   0x300003    program   0x000001
    .config_300005_main.o    romdata   0x300005    program   0x000001
    .config_300006_main.o    romdata   0x300006    program   0x000001
                MATH_DATA      udata   0x000000       data   0x000014
                 .tmpdata      udata   0x000014       data   0x00000c
                   .stack      udata   0x000080       data   0x000040
           .udata_c018i.o      udata   0x0000c0       data   0x00000a
            .idata_main.o      idata   0x0000ca       data   0x000007
            .udata_main.o      udata   0x0000d1       data   0x000001
           .idata_c018i.o      idata   0x0000d2       data   0x000000
          .udata___init.o      udata   0x0000d2       data   0x000000
          .idata___init.o      idata   0x0000d2       data   0x000000
            SFR_UNBANKED0      udata   0x000f80       data   0x000080



                              Program Memory Usage 
                               Start         End      
                           ---------   ---------      
                            0x000000    0x000014      
                            0x000018    0x000a25      
                            0x300001    0x300003      
                            0x300005    0x300006      
            2600 out of 8472 program addresses used, program memory utilization is 30%



                              Symbols - Sorted by Name
                     Name    Address   Location    Storage File                     
                ---------  ---------  ---------  --------- ---------                
                 FLO3232S   0x0006c6    program     extern C:\MCC18\src\traditional\math\cast32FP.asm
                 FLO3232U   0x0006c2    program     extern C:\MCC18\src\traditional\math\cast32FP.asm
                    FPM32   0x0006f8    program     extern C:\MCC18\src\traditional\math\mulFP.asm
                  INT3232   0x0007d2    program     extern C:\MCC18\src\traditional\math\castFP32.asm
                 __FpExit   0x00084c    program     extern C:\MCC18\src\traditional\math\packFP.asm
                 __FpPack   0x000878    program     extern C:\MCC18\src\traditional\math\packFP.asm
            __FpReturnNaN   0x000840    program     extern C:\MCC18\src\traditional\math\packFP.asm
         __FpReturnNegInf   0x000852    program     extern C:\MCC18\src\traditional\math\packFP.asm
        __FpReturnNegZero   0x00086a    program     extern C:\MCC18\src\traditional\math\packFP.asm
         __FpReturnPosInf   0x000858    program     extern C:\MCC18\src\traditional\math\packFP.asm
        __FpReturnPosZero   0x000872    program     extern C:\MCC18\src\traditional\math\packFP.asm
        __FpReturnSignInf   0x00084e    program     extern C:\MCC18\src\traditional\math\packFP.asm
       __FpReturnSignZero   0x000866    program     extern C:\MCC18\src\traditional\math\packFP.asm
              __FpReturnW   0x0008d0    program     extern C:\MCC18\src\traditional\math\packFP.asm
              __FpUnPackA   0x0008f0    program     extern C:\MCC18\src\traditional\math\UnpackFP.asm
              __FpUnPackB   0x000920    program     extern C:\MCC18\src\traditional\math\UnpackFP.asm
       ___return_lbl00000   0x000004    program     static                          
       ___return_lbl00000   0x00000c    program     static                          
       ___return_lbl00001   0x000a24    program     static                          
       ___return_lbl00001   0x00001c    program     static                          
       ___return_lbl00002   0x0009e8    program     static                          
               __config_0   0x300001    program     static C:\SRM_8-27-08\code_1-11\verticalMotor\main.c
               __config_1   0x300002    program     static C:\SRM_8-27-08\code_1-11\verticalMotor\main.c
               __config_2   0x300003    program     static C:\SRM_8-27-08\code_1-11\verticalMotor\main.c
               __config_3   0x300005    program     static C:\SRM_8-27-08\code_1-11\verticalMotor\main.c
               __config_4   0x300006    program     static C:\SRM_8-27-08\code_1-11\verticalMotor\main.c
                   __init   0x000006    program     extern C:\MCC18\src\traditional\stdclib\__init.c
            __zero_memory   0x0009ea    program     extern C:\MCC18\src\traditional\proc\p18F1320.asm
                _do_cinit   0x00094c    program     extern C:\MCC18\src\traditional\startup\c018i.c
                   _entry   0x000000    program     extern C:\MCC18\src\traditional\startup\c018i.c
                 _startup   0x000a0a    program     extern C:\MCC18\src\traditional\startup\c018i.c
                      abs   0x0000e4    program     extern C:\SRM_8-27-08\code_1-11\verticalMotor\main.c
                compare_l   0x000a00    program     static C:\MCC18\src\traditional\proc\p18F1320.asm
                copy_loop   0x0009be    program     static                          
            copy_one_byte   0x0009c4    program     static                          
                     done   0x0009e8    program     static                          
             done_copying   0x0009d2    program     static                          
                 high_isr   0x00002c    program     extern C:\SRM_8-27-08\code_1-11\verticalMotor\main.c
              high_vector   0x000008    program     extern C:\SRM_8-27-08\code_1-11\verticalMotor\main.c
                 jANotInf   0x000716    program     static C:\MCC18\src\traditional\math\mulFP.asm
              jBothFinite   0x000724    program     static C:\MCC18\src\traditional\math\mulFP.asm
             jBothNotZero   0x000730    program     static C:\MCC18\src\traditional\math\mulFP.asm
                    jExit   0x00083e    program     static C:\MCC18\src\traditional\math\castFP32.asm
                jHaveZero   0x00072c    program     static C:\MCC18\src\traditional\math\mulFP.asm
                jI2F32Beg   0x0006de    program     static C:\MCC18\src\traditional\math\cast32FP.asm
                    jLoop   0x000812    program     static C:\MCC18\src\traditional\math\castFP32.asm
                jLoopExit   0x000826    program     static C:\MCC18\src\traditional\math\castFP32.asm
                     jMax   0x0007e2    program     static C:\MCC18\src\traditional\math\castFP32.asm
                  jMaxNeg   0x0007f4    program     static C:\MCC18\src\traditional\math\castFP32.asm
                  jMaxPos   0x0007e6    program     static C:\MCC18\src\traditional\math\castFP32.asm
                  jNotInf   0x000800    program     static C:\MCC18\src\traditional\math\castFP32.asm
                  jPkLoop   0x000886    program     static C:\MCC18\src\traditional\math\packFP.asm
             jPkRoundDone   0x0008d0    program     static C:\MCC18\src\traditional\math\packFP.asm
               jPkRoundIt   0x0008b8    program     static C:\MCC18\src\traditional\math\packFP.asm
             jPkShiftDone   0x0008a2    program     static C:\MCC18\src\traditional\math\packFP.asm
           jReturnPosInf0   0x00085c    program     static C:\MCC18\src\traditional\math\packFP.asm
                  jUnpkA1   0x0008fa    program     static C:\MCC18\src\traditional\math\UnpackFP.asm
                  jUnpkA2   0x000912    program     static C:\MCC18\src\traditional\math\UnpackFP.asm
                 jUnpkANZ   0x000908    program     static C:\MCC18\src\traditional\math\UnpackFP.asm
                  jUnpkB1   0x00092a    program     static C:\MCC18\src\traditional\math\UnpackFP.asm
                  jUnpkB2   0x000942    program     static C:\MCC18\src\traditional\math\UnpackFP.asm
                 jUnpkBNZ   0x000938    program     static C:\MCC18\src\traditional\math\UnpackFP.asm
                 jUnpkNaN   0x00091c    program     static C:\MCC18\src\traditional\math\UnpackFP.asm
                   jWr123   0x0007ec    program     static C:\MCC18\src\traditional\math\castFP32.asm
                  jWrZ123   0x0007fc    program     static C:\MCC18\src\traditional\math\castFP32.asm
                    jZero   0x0007fa    program     static C:\MCC18\src\traditional\math\castFP32.asm
               jZero1and2   0x000860    program     static C:\MCC18\src\traditional\math\packFP.asm
                     loop   0x000a1a    program     static                          
                   loop_h   0x0009f8    program     static C:\MCC18\src\traditional\proc\p18F1320.asm
                   loop_l   0x000a02    program     static C:\MCC18\src\traditional\proc\p18F1320.asm
                  low_isr   0x00008e    program     extern C:\SRM_8-27-08\code_1-11\verticalMotor\main.c
               low_vector   0x000018    program     extern C:\SRM_8-27-08\code_1-11\verticalMotor\main.c
                     main   0x0001fe    program     extern C:\SRM_8-27-08\code_1-11\verticalMotor\main.c
         set_motor_output   0x0000bc    program     extern C:\SRM_8-27-08\code_1-11\verticalMotor\main.c
                      sgn   0x000182    program     extern C:\SRM_8-27-08\code_1-11\verticalMotor\main.c
                     test   0x000966    program     static                          
               zero_block   0x0009f8    program     static C:\MCC18\src\traditional\proc\p18F1320.asm
                   ADCON0   0x000fc2       data     extern C:\MCC18\src\traditional\proc\p18F1320.asm
               ADCON0bits   0x000fc2       data     extern C:\MCC18\src\traditional\proc\p18F1320.asm
                   ADCON1   0x000fc1       data     extern C:\MCC18\src\traditional\proc\p18F1320.asm
               ADCON1bits   0x000fc1       data     extern C:\MCC18\src\traditional\proc\p18F1320.asm
                   ADCON2   0x000fc0       data     extern C:\MCC18\src\traditional\proc\p18F1320.asm
               ADCON2bits   0x000fc0       data     extern C:\MCC18\src\traditional\proc\p18F1320.asm
                    ADRES   0x000fc3       data     extern C:\MCC18\src\traditional\proc\p18F1320.asm
                   ADRESH   0x000fc4       data     extern C:\MCC18\src\traditional\proc\p18F1320.asm
                   ADRESL   0x000fc3       data     extern C:\MCC18\src\traditional\proc\p18F1320.asm
                  BAUDCTL   0x000faa       data     extern C:\MCC18\src\traditional\proc\p18F1320.asm
              BAUDCTLbits   0x000faa       data     extern C:\MCC18\src\traditional\proc\p18F1320.asm
                      BSR   0x000fe0       data     extern C:\MCC18\src\traditional\proc\p18F1320.asm
                  CCP1CON   0x000fbd       data     extern C:\MCC18\src\traditional\proc\p18F1320.asm
              CCP1CONbits   0x000fbd       data     extern C:\MCC18\src\traditional\proc\p18F1320.asm
                    CCPR1   0x000fbe       data     extern C:\MCC18\src\traditional\proc\p18F1320.asm
                   CCPR1H   0x000fbf       data     extern C:\MCC18\src\traditional\proc\p18F1320.asm
                   CCPR1L   0x000fbe       data     extern C:\MCC18\src\traditional\proc\p18F1320.asm
                     DDRA   0x000f92       data     extern C:\MCC18\src\traditional\proc\p18F1320.asm
                 DDRAbits   0x000f92       data     extern C:\MCC18\src\traditional\proc\p18F1320.asm
                     DDRB   0x000f93       data     extern C:\MCC18\src\traditional\proc\p18F1320.asm
                 DDRBbits   0x000f93       data     extern C:\MCC18\src\traditional\proc\p18F1320.asm
                   ECCPAS   0x000fb6       data     extern C:\MCC18\src\traditional\proc\p18F1320.asm
               ECCPASbits   0x000fb6       data     extern C:\MCC18\src\traditional\proc\p18F1320.asm
                    EEADR   0x000fa9       data     extern C:\MCC18\src\traditional\proc\p18F1320.asm
                   EECON1   0x000fa6       data     extern C:\MCC18\src\traditional\proc\p18F1320.asm
               EECON1bits   0x000fa6       data     extern C:\MCC18\src\traditional\proc\p18F1320.asm
                   EECON2   0x000fa7       data     extern C:\MCC18\src\traditional\proc\p18F1320.asm
                   EEDATA   0x000fa8       data     extern C:\MCC18\src\traditional\proc\p18F1320.asm
                     FSR0   0x000fe9       data     extern C:\MCC18\src\traditional\proc\p18F1320.asm
                    FSR0H   0x000fea       data     extern C:\MCC18\src\traditional\proc\p18F1320.asm
                    FSR0L   0x000fe9       data     extern C:\MCC18\src\traditional\proc\p18F1320.asm
                     FSR1   0x000fe1       data     extern C:\MCC18\src\traditional\proc\p18F1320.asm
                    FSR1H   0x000fe2       data     extern C:\MCC18\src\traditional\proc\p18F1320.asm
                    FSR1L   0x000fe1       data     extern C:\MCC18\src\traditional\proc\p18F1320.asm
                     FSR2   0x000fd9       data     extern C:\MCC18\src\traditional\proc\p18F1320.asm
                    FSR2H   0x000fda       data     extern C:\MCC18\src\traditional\proc\p18F1320.asm
                    FSR2L   0x000fd9       data     extern C:\MCC18\src\traditional\proc\p18F1320.asm
                    INDF0   0x000fef       data     extern C:\MCC18\src\traditional\proc\p18F1320.asm
                    INDF1   0x000fe7       data     extern C:\MCC18\src\traditional\proc\p18F1320.asm
                    INDF2   0x000fdf       data     extern C:\MCC18\src\traditional\proc\p18F1320.asm
                   INTCON   0x000ff2       data     extern C:\MCC18\src\traditional\proc\p18F1320.asm
                  INTCON2   0x000ff1       data     extern C:\MCC18\src\traditional\proc\p18F1320.asm
              INTCON2bits   0x000ff1       data     extern C:\MCC18\src\traditional\proc\p18F1320.asm
                  INTCON3   0x000ff0       data     extern C:\MCC18\src\traditional\proc\p18F1320.asm
              INTCON3bits   0x000ff0       data     extern C:\MCC18\src\traditional\proc\p18F1320.asm
               INTCONbits   0x000ff2       data     extern C:\MCC18\src\traditional\proc\p18F1320.asm
                     IPR1   0x000f9f       data     extern C:\MCC18\src\traditional\proc\p18F1320.asm
                 IPR1bits   0x000f9f       data     extern C:\MCC18\src\traditional\proc\p18F1320.asm
                     IPR2   0x000fa2       data     extern C:\MCC18\src\traditional\proc\p18F1320.asm
                 IPR2bits   0x000fa2       data     extern C:\MCC18\src\traditional\proc\p18F1320.asm
                     LATA   0x000f89       data     extern C:\MCC18\src\traditional\proc\p18F1320.asm
                 LATAbits   0x000f89       data     extern C:\MCC18\src\traditional\proc\p18F1320.asm
                     LATB   0x000f8a       data     extern C:\MCC18\src\traditional\proc\p18F1320.asm
                 LATBbits   0x000f8a       data     extern C:\MCC18\src\traditional\proc\p18F1320.asm
                   LVDCON   0x000fd2       data     extern C:\MCC18\src\traditional\proc\p18F1320.asm
               LVDCONbits   0x000fd2       data     extern C:\MCC18\src\traditional\proc\p18F1320.asm
                   OSCCON   0x000fd3       data     extern C:\MCC18\src\traditional\proc\p18F1320.asm
               OSCCONbits   0x000fd3       data     extern C:\MCC18\src\traditional\proc\p18F1320.asm
                  OSCTUNE   0x000f9b       data     extern C:\MCC18\src\traditional\proc\p18F1320.asm
              OSCTUNEbits   0x000f9b       data     extern C:\MCC18\src\traditional\proc\p18F1320.asm
                       PC   0x000ff9       data     extern C:\MCC18\src\traditional\proc\p18F1320.asm
                      PCL   0x000ff9       data     extern C:\MCC18\src\traditional\proc\p18F1320.asm
                   PCLATH   0x000ffa       data     extern C:\MCC18\src\traditional\proc\p18F1320.asm
                   PCLATU   0x000ffb       data     extern C:\MCC18\src\traditional\proc\p18F1320.asm
                     PIE1   0x000f9d       data     extern C:\MCC18\src\traditional\proc\p18F1320.asm
                 PIE1bits   0x000f9d       data     extern C:\MCC18\src\traditional\proc\p18F1320.asm
                     PIE2   0x000fa0       data     extern C:\MCC18\src\traditional\proc\p18F1320.asm
                 PIE2bits   0x000fa0       data     extern C:\MCC18\src\traditional\proc\p18F1320.asm
                     PIR1   0x000f9e       data     extern C:\MCC18\src\traditional\proc\p18F1320.asm
                 PIR1bits   0x000f9e       data     extern C:\MCC18\src\traditional\proc\p18F1320.asm
                     PIR2   0x000fa1       data     extern C:\MCC18\src\traditional\proc\p18F1320.asm
                 PIR2bits   0x000fa1       data     extern C:\MCC18\src\traditional\proc\p18F1320.asm
                   PLUSW0   0x000feb       data     extern C:\MCC18\src\traditional\proc\p18F1320.asm
                   PLUSW1   0x000fe3       data     extern C:\MCC18\src\traditional\proc\p18F1320.asm
                   PLUSW2   0x000fdb       data     extern C:\MCC18\src\traditional\proc\p18F1320.asm
                    PORTA   0x000f80       data     extern C:\MCC18\src\traditional\proc\p18F1320.asm
                PORTAbits   0x000f80       data     extern C:\MCC18\src\traditional\proc\p18F1320.asm
                    PORTB   0x000f81       data     extern C:\MCC18\src\traditional\proc\p18F1320.asm
                PORTBbits   0x000f81       data     extern C:\MCC18\src\traditional\proc\p18F1320.asm
                 POSTDEC0   0x000fed       data     extern C:\MCC18\src\traditional\proc\p18F1320.asm
                 POSTDEC1   0x000fe5       data     extern C:\MCC18\src\traditional\proc\p18F1320.asm
                 POSTDEC2   0x000fdd       data     extern C:\MCC18\src\traditional\proc\p18F1320.asm
                 POSTINC0   0x000fee       data     extern C:\MCC18\src\traditional\proc\p18F1320.asm
                 POSTINC1   0x000fe6       data     extern C:\MCC18\src\traditional\proc\p18F1320.asm
                 POSTINC2   0x000fde       data     extern C:\MCC18\src\traditional\proc\p18F1320.asm
                      PR2   0x000fcb       data     extern C:\MCC18\src\traditional\proc\p18F1320.asm
                  PREINC0   0x000fec       data     extern C:\MCC18\src\traditional\proc\p18F1320.asm
                  PREINC1   0x000fe4       data     extern C:\MCC18\src\traditional\proc\p18F1320.asm
                  PREINC2   0x000fdc       data     extern C:\MCC18\src\traditional\proc\p18F1320.asm
                     PROD   0x000ff3       data     extern C:\MCC18\src\traditional\proc\p18F1320.asm
                    PRODH   0x000ff4       data     extern C:\MCC18\src\traditional\proc\p18F1320.asm
                    PRODL   0x000ff3       data     extern C:\MCC18\src\traditional\proc\p18F1320.asm
                  PWM1CON   0x000fb7       data     extern C:\MCC18\src\traditional\proc\p18F1320.asm
              PWM1CONbits   0x000fb7       data     extern C:\MCC18\src\traditional\proc\p18F1320.asm
                     RCON   0x000fd0       data     extern C:\MCC18\src\traditional\proc\p18F1320.asm
                 RCONbits   0x000fd0       data     extern C:\MCC18\src\traditional\proc\p18F1320.asm
                    RCREG   0x000fae       data     extern C:\MCC18\src\traditional\proc\p18F1320.asm
                    RCSTA   0x000fab       data     extern C:\MCC18\src\traditional\proc\p18F1320.asm
                RCSTAbits   0x000fab       data     extern C:\MCC18\src\traditional\proc\p18F1320.asm
                     SIGN   0x00000e       data     extern C:\MCC18\src\traditional\math\cmath18.asm
                    SPBRG   0x000faf       data     extern C:\MCC18\src\traditional\proc\p18F1320.asm
                   SPBRGH   0x000fb0       data     extern C:\MCC18\src\traditional\proc\p18F1320.asm
                   STATUS   0x000fd8       data     extern C:\MCC18\src\traditional\proc\p18F1320.asm
               STATUSbits   0x000fd8       data     extern C:\MCC18\src\traditional\proc\p18F1320.asm
                   STKPTR   0x000ffc       data     extern C:\MCC18\src\traditional\proc\p18F1320.asm
               STKPTRbits   0x000ffc       data     extern C:\MCC18\src\traditional\proc\p18F1320.asm
                    T0CON   0x000fd5       data     extern C:\MCC18\src\traditional\proc\p18F1320.asm
                T0CONbits   0x000fd5       data     extern C:\MCC18\src\traditional\proc\p18F1320.asm
                    T1CON   0x000fcd       data     extern C:\MCC18\src\traditional\proc\p18F1320.asm
                T1CONbits   0x000fcd       data     extern C:\MCC18\src\traditional\proc\p18F1320.asm
                    T2CON   0x000fca       data     extern C:\MCC18\src\traditional\proc\p18F1320.asm
                T2CONbits   0x000fca       data     extern C:\MCC18\src\traditional\proc\p18F1320.asm
                    T3CON   0x000fb1       data     extern C:\MCC18\src\traditional\proc\p18F1320.asm
                T3CONbits   0x000fb1       data     extern C:\MCC18\src\traditional\proc\p18F1320.asm
                   TABLAT   0x000ff5       data     extern C:\MCC18\src\traditional\proc\p18F1320.asm
                   TBLPTR   0x000ff6       data     extern C:\MCC18\src\traditional\proc\p18F1320.asm
                  TBLPTRH   0x000ff7       data     extern C:\MCC18\src\traditional\proc\p18F1320.asm
                  TBLPTRL   0x000ff6       data     extern C:\MCC18\src\traditional\proc\p18F1320.asm
                  TBLPTRU   0x000ff8       data     extern C:\MCC18\src\traditional\proc\p18F1320.asm
                    TMR0H   0x000fd7       data     extern C:\MCC18\src\traditional\proc\p18F1320.asm
                    TMR0L   0x000fd6       data     extern C:\MCC18\src\traditional\proc\p18F1320.asm
                    TMR1H   0x000fcf       data     extern C:\MCC18\src\traditional\proc\p18F1320.asm
                    TMR1L   0x000fce       data     extern C:\MCC18\src\traditional\proc\p18F1320.asm
                     TMR2   0x000fcc       data     extern C:\MCC18\src\traditional\proc\p18F1320.asm
                    TMR3H   0x000fb3       data     extern C:\MCC18\src\traditional\proc\p18F1320.asm
                    TMR3L   0x000fb2       data     extern C:\MCC18\src\traditional\proc\p18F1320.asm
                      TOS   0x000ffd       data     extern C:\MCC18\src\traditional\proc\p18F1320.asm
                     TOSH   0x000ffe       data     extern C:\MCC18\src\traditional\proc\p18F1320.asm
                     TOSL   0x000ffd       data     extern C:\MCC18\src\traditional\proc\p18F1320.asm
                     TOSU   0x000fff       data     extern C:\MCC18\src\traditional\proc\p18F1320.asm
                    TRISA   0x000f92       data     extern C:\MCC18\src\traditional\proc\p18F1320.asm
                TRISAbits   0x000f92       data     extern C:\MCC18\src\traditional\proc\p18F1320.asm
                    TRISB   0x000f93       data     extern C:\MCC18\src\traditional\proc\p18F1320.asm
                TRISBbits   0x000f93       data     extern C:\MCC18\src\traditional\proc\p18F1320.asm
                    TXREG   0x000fad       data     extern C:\MCC18\src\traditional\proc\p18F1320.asm
                    TXSTA   0x000fac       data     extern C:\MCC18\src\traditional\proc\p18F1320.asm
                TXSTAbits   0x000fac       data     extern C:\MCC18\src\traditional\proc\p18F1320.asm
                        W   0x000fe8       data     extern C:\MCC18\src\traditional\proc\p18F1320.asm
                   WDTCON   0x000fd1       data     extern C:\MCC18\src\traditional\proc\p18F1320.asm
               WDTCONbits   0x000fd1       data     extern C:\MCC18\src\traditional\proc\p18F1320.asm
                     WREG   0x000fe8       data     extern C:\MCC18\src\traditional\proc\p18F1320.asm
                 __AARGB0   0x000007       data     extern C:\MCC18\src\traditional\math\aarg.asm
                 __AARGB1   0x000006       data     extern C:\MCC18\src\traditional\math\aarg.asm
                 __AARGB2   0x000005       data     extern C:\MCC18\src\traditional\math\aarg.asm
                 __AARGB3   0x000004       data     extern C:\MCC18\src\traditional\math\aarg.asm
                 __AARGB4   0x000003       data     extern C:\MCC18\src\traditional\math\aarg.asm
                 __AARGB5   0x000002       data     extern C:\MCC18\src\traditional\math\aarg.asm
                 __AARGB6   0x000001       data     extern C:\MCC18\src\traditional\math\aarg.asm
                 __AARGB7   0x000000       data     extern C:\MCC18\src\traditional\math\aarg.asm
                   __AEXP   0x000008       data     extern C:\MCC18\src\traditional\math\aarg.asm
                 __BARGB0   0x00000c       data     extern C:\MCC18\src\traditional\math\barg.asm
                 __BARGB1   0x00000b       data     extern C:\MCC18\src\traditional\math\barg.asm
                 __BARGB2   0x00000a       data     extern C:\MCC18\src\traditional\math\barg.asm
                 __BARGB3   0x000009       data     extern C:\MCC18\src\traditional\math\barg.asm
                   __BEXP   0x00000d       data     extern C:\MCC18\src\traditional\math\barg.asm
                __FPFLAGS   0x00000f       data     extern C:\MCC18\src\traditional\math\cmath18.asm
            __FPFLAGSbits   0x00000f       data     extern C:\MCC18\src\traditional\math\cmath18.asm
                  __REMB0   0x000003       data     extern C:\MCC18\src\traditional\math\aarg.asm
                  __REMB1   0x000002       data     extern C:\MCC18\src\traditional\math\aarg.asm
                  __REMB2   0x000001       data     extern C:\MCC18\src\traditional\math\aarg.asm
                  __REMB3   0x000000       data     extern C:\MCC18\src\traditional\math\aarg.asm
                   __TEMP   0x000013       data     extern C:\MCC18\src\traditional\math\temparg.asm
                 __TEMPB0   0x000013       data     extern C:\MCC18\src\traditional\math\temparg.asm
                 __TEMPB1   0x000012       data     extern C:\MCC18\src\traditional\math\temparg.asm
                 __TEMPB2   0x000011       data     extern C:\MCC18\src\traditional\math\temparg.asm
                 __TEMPB3   0x000010       data     extern C:\MCC18\src\traditional\math\temparg.asm
                  __tmp_0   0x000014       data     static C:\SRM_8-27-08\code_1-11\verticalMotor\main.c
             changeToggle   0x0000d1       data     extern C:\SRM_8-27-08\code_1-11\verticalMotor\main.c
                curr_byte   0x0000c3       data     static C:\MCC18\src\traditional\startup\c018i.c
               curr_entry   0x0000c5       data     static C:\MCC18\src\traditional\startup\c018i.c
           currentCounter   0x0000cd       data     extern C:\SRM_8-27-08\code_1-11\verticalMotor\main.c
                 data_ptr   0x0000c7       data     static C:\MCC18\src\traditional\startup\c018i.c
                    prevA   0x0000d0       data     extern C:\SRM_8-27-08\code_1-11\verticalMotor\main.c
                     prom   0x0000c0       data     static C:\MCC18\src\traditional\startup\c018i.c
          stepHighCounter   0x0000ca       data     extern C:\SRM_8-27-08\code_1-11\verticalMotor\main.c
               stepPulses   0x0000cc       data     extern C:\SRM_8-27-08\code_1-11\verticalMotor\main.c
                  trigger   0x0000cf       data     extern C:\SRM_8-27-08\code_1-11\verticalMotor\main.c



                              Symbols - Sorted by Address
                     Name    Address   Location    Storage File                     
                ---------  ---------  ---------  --------- ---------                
                   _entry   0x000000    program     extern C:\MCC18\src\traditional\startup\c018i.c
       ___return_lbl00000   0x000004    program     static                          
                   __init   0x000006    program     extern C:\MCC18\src\traditional\stdclib\__init.c
              high_vector   0x000008    program     extern C:\SRM_8-27-08\code_1-11\verticalMotor\main.c
       ___return_lbl00000   0x00000c    program     static                          
               low_vector   0x000018    program     extern C:\SRM_8-27-08\code_1-11\verticalMotor\main.c
       ___return_lbl00001   0x00001c    program     static                          
                 high_isr   0x00002c    program     extern C:\SRM_8-27-08\code_1-11\verticalMotor\main.c
                  low_isr   0x00008e    program     extern C:\SRM_8-27-08\code_1-11\verticalMotor\main.c
         set_motor_output   0x0000bc    program     extern C:\SRM_8-27-08\code_1-11\verticalMotor\main.c
                      abs   0x0000e4    program     extern C:\SRM_8-27-08\code_1-11\verticalMotor\main.c
                      sgn   0x000182    program     extern C:\SRM_8-27-08\code_1-11\verticalMotor\main.c
                     main   0x0001fe    program     extern C:\SRM_8-27-08\code_1-11\verticalMotor\main.c
                 FLO3232U   0x0006c2    program     extern C:\MCC18\src\traditional\math\cast32FP.asm
                 FLO3232S   0x0006c6    program     extern C:\MCC18\src\traditional\math\cast32FP.asm
                jI2F32Beg   0x0006de    program     static C:\MCC18\src\traditional\math\cast32FP.asm
                    FPM32   0x0006f8    program     extern C:\MCC18\src\traditional\math\mulFP.asm
                 jANotInf   0x000716    program     static C:\MCC18\src\traditional\math\mulFP.asm
              jBothFinite   0x000724    program     static C:\MCC18\src\traditional\math\mulFP.asm
                jHaveZero   0x00072c    program     static C:\MCC18\src\traditional\math\mulFP.asm
             jBothNotZero   0x000730    program     static C:\MCC18\src\traditional\math\mulFP.asm
                  INT3232   0x0007d2    program     extern C:\MCC18\src\traditional\math\castFP32.asm
                     jMax   0x0007e2    program     static C:\MCC18\src\traditional\math\castFP32.asm
                  jMaxPos   0x0007e6    program     static C:\MCC18\src\traditional\math\castFP32.asm
                   jWr123   0x0007ec    program     static C:\MCC18\src\traditional\math\castFP32.asm
                  jMaxNeg   0x0007f4    program     static C:\MCC18\src\traditional\math\castFP32.asm
                    jZero   0x0007fa    program     static C:\MCC18\src\traditional\math\castFP32.asm
                  jWrZ123   0x0007fc    program     static C:\MCC18\src\traditional\math\castFP32.asm
                  jNotInf   0x000800    program     static C:\MCC18\src\traditional\math\castFP32.asm
                    jLoop   0x000812    program     static C:\MCC18\src\traditional\math\castFP32.asm
                jLoopExit   0x000826    program     static C:\MCC18\src\traditional\math\castFP32.asm
                    jExit   0x00083e    program     static C:\MCC18\src\traditional\math\castFP32.asm
            __FpReturnNaN   0x000840    program     extern C:\MCC18\src\traditional\math\packFP.asm
                 __FpExit   0x00084c    program     extern C:\MCC18\src\traditional\math\packFP.asm
        __FpReturnSignInf   0x00084e    program     extern C:\MCC18\src\traditional\math\packFP.asm
         __FpReturnNegInf   0x000852    program     extern C:\MCC18\src\traditional\math\packFP.asm
         __FpReturnPosInf   0x000858    program     extern C:\MCC18\src\traditional\math\packFP.asm
           jReturnPosInf0   0x00085c    program     static C:\MCC18\src\traditional\math\packFP.asm
               jZero1and2   0x000860    program     static C:\MCC18\src\traditional\math\packFP.asm
       __FpReturnSignZero   0x000866    program     extern C:\MCC18\src\traditional\math\packFP.asm
        __FpReturnNegZero   0x00086a    program     extern C:\MCC18\src\traditional\math\packFP.asm
        __FpReturnPosZero   0x000872    program     extern C:\MCC18\src\traditional\math\packFP.asm
                 __FpPack   0x000878    program     extern C:\MCC18\src\traditional\math\packFP.asm
                  jPkLoop   0x000886    program     static C:\MCC18\src\traditional\math\packFP.asm
             jPkShiftDone   0x0008a2    program     static C:\MCC18\src\traditional\math\packFP.asm
               jPkRoundIt   0x0008b8    program     static C:\MCC18\src\traditional\math\packFP.asm
             jPkRoundDone   0x0008d0    program     static C:\MCC18\src\traditional\math\packFP.asm
              __FpReturnW   0x0008d0    program     extern C:\MCC18\src\traditional\math\packFP.asm
              __FpUnPackA   0x0008f0    program     extern C:\MCC18\src\traditional\math\UnpackFP.asm
                  jUnpkA1   0x0008fa    program     static C:\MCC18\src\traditional\math\UnpackFP.asm
                 jUnpkANZ   0x000908    program     static C:\MCC18\src\traditional\math\UnpackFP.asm
                  jUnpkA2   0x000912    program     static C:\MCC18\src\traditional\math\UnpackFP.asm
                 jUnpkNaN   0x00091c    program     static C:\MCC18\src\traditional\math\UnpackFP.asm
              __FpUnPackB   0x000920    program     extern C:\MCC18\src\traditional\math\UnpackFP.asm
                  jUnpkB1   0x00092a    program     static C:\MCC18\src\traditional\math\UnpackFP.asm
                 jUnpkBNZ   0x000938    program     static C:\MCC18\src\traditional\math\UnpackFP.asm
                  jUnpkB2   0x000942    program     static C:\MCC18\src\traditional\math\UnpackFP.asm
                _do_cinit   0x00094c    program     extern C:\MCC18\src\traditional\startup\c018i.c
                     test   0x000966    program     static                          
                copy_loop   0x0009be    program     static                          
            copy_one_byte   0x0009c4    program     static                          
             done_copying   0x0009d2    program     static                          
       ___return_lbl00002   0x0009e8    program     static                          
                     done   0x0009e8    program     static                          
            __zero_memory   0x0009ea    program     extern C:\MCC18\src\traditional\proc\p18F1320.asm
                   loop_h   0x0009f8    program     static C:\MCC18\src\traditional\proc\p18F1320.asm
               zero_block   0x0009f8    program     static C:\MCC18\src\traditional\proc\p18F1320.asm
                compare_l   0x000a00    program     static C:\MCC18\src\traditional\proc\p18F1320.asm
                   loop_l   0x000a02    program     static C:\MCC18\src\traditional\proc\p18F1320.asm
                 _startup   0x000a0a    program     extern C:\MCC18\src\traditional\startup\c018i.c
                     loop   0x000a1a    program     static                          
       ___return_lbl00001   0x000a24    program     static                          
               __config_0   0x300001    program     static C:\SRM_8-27-08\code_1-11\verticalMotor\main.c
               __config_1   0x300002    program     static C:\SRM_8-27-08\code_1-11\verticalMotor\main.c
               __config_2   0x300003    program     static C:\SRM_8-27-08\code_1-11\verticalMotor\main.c
               __config_3   0x300005    program     static C:\SRM_8-27-08\code_1-11\verticalMotor\main.c
               __config_4   0x300006    program     static C:\SRM_8-27-08\code_1-11\verticalMotor\main.c
                  __REMB3   0x000000       data     extern C:\MCC18\src\traditional\math\aarg.asm
                 __AARGB7   0x000000       data     extern C:\MCC18\src\traditional\math\aarg.asm
                 __AARGB6   0x000001       data     extern C:\MCC18\src\traditional\math\aarg.asm
                  __REMB2   0x000001       data     extern C:\MCC18\src\traditional\math\aarg.asm
                  __REMB1   0x000002       data     extern C:\MCC18\src\traditional\math\aarg.asm
                 __AARGB5   0x000002       data     extern C:\MCC18\src\traditional\math\aarg.asm
                  __REMB0   0x000003       data     extern C:\MCC18\src\traditional\math\aarg.asm
                 __AARGB4   0x000003       data     extern C:\MCC18\src\traditional\math\aarg.asm
                 __AARGB3   0x000004       data     extern C:\MCC18\src\traditional\math\aarg.asm
                 __AARGB2   0x000005       data     extern C:\MCC18\src\traditional\math\aarg.asm
                 __AARGB1   0x000006       data     extern C:\MCC18\src\traditional\math\aarg.asm
                 __AARGB0   0x000007       data     extern C:\MCC18\src\traditional\math\aarg.asm
                   __AEXP   0x000008       data     extern C:\MCC18\src\traditional\math\aarg.asm
                 __BARGB3   0x000009       data     extern C:\MCC18\src\traditional\math\barg.asm
                 __BARGB2   0x00000a       data     extern C:\MCC18\src\traditional\math\barg.asm
                 __BARGB1   0x00000b       data     extern C:\MCC18\src\traditional\math\barg.asm
                 __BARGB0   0x00000c       data     extern C:\MCC18\src\traditional\math\barg.asm
                   __BEXP   0x00000d       data     extern C:\MCC18\src\traditional\math\barg.asm
                     SIGN   0x00000e       data     extern C:\MCC18\src\traditional\math\cmath18.asm
            __FPFLAGSbits   0x00000f       data     extern C:\MCC18\src\traditional\math\cmath18.asm
                __FPFLAGS   0x00000f       data     extern C:\MCC18\src\traditional\math\cmath18.asm
                 __TEMPB3   0x000010       data     extern C:\MCC18\src\traditional\math\temparg.asm
                 __TEMPB2   0x000011       data     extern C:\MCC18\src\traditional\math\temparg.asm
                 __TEMPB1   0x000012       data     extern C:\MCC18\src\traditional\math\temparg.asm
                   __TEMP   0x000013       data     extern C:\MCC18\src\traditional\math\temparg.asm
                 __TEMPB0   0x000013       data     extern C:\MCC18\src\traditional\math\temparg.asm
                  __tmp_0   0x000014       data     static C:\SRM_8-27-08\code_1-11\verticalMotor\main.c
                     prom   0x0000c0       data     static C:\MCC18\src\traditional\startup\c018i.c
                curr_byte   0x0000c3       data     static C:\MCC18\src\traditional\startup\c018i.c
               curr_entry   0x0000c5       data     static C:\MCC18\src\traditional\startup\c018i.c
                 data_ptr   0x0000c7       data     static C:\MCC18\src\traditional\startup\c018i.c
          stepHighCounter   0x0000ca       data     extern C:\SRM_8-27-08\code_1-11\verticalMotor\main.c
               stepPulses   0x0000cc       data     extern C:\SRM_8-27-08\code_1-11\verticalMotor\main.c
           currentCounter   0x0000cd       data     extern C:\SRM_8-27-08\code_1-11\verticalMotor\main.c
                  trigger   0x0000cf       data     extern C:\SRM_8-27-08\code_1-11\verticalMotor\main.c
                    prevA   0x0000d0       data     extern C:\SRM_8-27-08\code_1-11\verticalMotor\main.c
             changeToggle   0x0000d1       data     extern C:\SRM_8-27-08\code_1-11\verticalMotor\main.c
                PORTAbits   0x000f80       data     extern C:\MCC18\src\traditional\proc\p18F1320.asm
                    PORTA   0x000f80       data     extern C:\MCC18\src\traditional\proc\p18F1320.asm
                PORTBbits   0x000f81       data     extern C:\MCC18\src\traditional\proc\p18F1320.asm
                    PORTB   0x000f81       data     extern C:\MCC18\src\traditional\proc\p18F1320.asm
                 LATAbits   0x000f89       data     extern C:\MCC18\src\traditional\proc\p18F1320.asm
                     LATA   0x000f89       data     extern C:\MCC18\src\traditional\proc\p18F1320.asm
                 LATBbits   0x000f8a       data     extern C:\MCC18\src\traditional\proc\p18F1320.asm
                     LATB   0x000f8a       data     extern C:\MCC18\src\traditional\proc\p18F1320.asm
                 DDRAbits   0x000f92       data     extern C:\MCC18\src\traditional\proc\p18F1320.asm
                     DDRA   0x000f92       data     extern C:\MCC18\src\traditional\proc\p18F1320.asm
                TRISAbits   0x000f92       data     extern C:\MCC18\src\traditional\proc\p18F1320.asm
                    TRISA   0x000f92       data     extern C:\MCC18\src\traditional\proc\p18F1320.asm
                TRISBbits   0x000f93       data     extern C:\MCC18\src\traditional\proc\p18F1320.asm
                     DDRB   0x000f93       data     extern C:\MCC18\src\traditional\proc\p18F1320.asm
                 DDRBbits   0x000f93       data     extern C:\MCC18\src\traditional\proc\p18F1320.asm
                    TRISB   0x000f93       data     extern C:\MCC18\src\traditional\proc\p18F1320.asm
                  OSCTUNE   0x000f9b       data     extern C:\MCC18\src\traditional\proc\p18F1320.asm
              OSCTUNEbits   0x000f9b       data     extern C:\MCC18\src\traditional\proc\p18F1320.asm
                     PIE1   0x000f9d       data     extern C:\MCC18\src\traditional\proc\p18F1320.asm
                 PIE1bits   0x000f9d       data     extern C:\MCC18\src\traditional\proc\p18F1320.asm
                 PIR1bits   0x000f9e       data     extern C:\MCC18\src\traditional\proc\p18F1320.asm
                     PIR1   0x000f9e       data     extern C:\MCC18\src\traditional\proc\p18F1320.asm
                 IPR1bits   0x000f9f       data     extern C:\MCC18\src\traditional\proc\p18F1320.asm
                     IPR1   0x000f9f       data     extern C:\MCC18\src\traditional\proc\p18F1320.asm
                     PIE2   0x000fa0       data     extern C:\MCC18\src\traditional\proc\p18F1320.asm
                 PIE2bits   0x000fa0       data     extern C:\MCC18\src\traditional\proc\p18F1320.asm
                 PIR2bits   0x000fa1       data     extern C:\MCC18\src\traditional\proc\p18F1320.asm
                     PIR2   0x000fa1       data     extern C:\MCC18\src\traditional\proc\p18F1320.asm
                 IPR2bits   0x000fa2       data     extern C:\MCC18\src\traditional\proc\p18F1320.asm
                     IPR2   0x000fa2       data     extern C:\MCC18\src\traditional\proc\p18F1320.asm
               EECON1bits   0x000fa6       data     extern C:\MCC18\src\traditional\proc\p18F1320.asm
                   EECON1   0x000fa6       data     extern C:\MCC18\src\traditional\proc\p18F1320.asm
                   EECON2   0x000fa7       data     extern C:\MCC18\src\traditional\proc\p18F1320.asm
                   EEDATA   0x000fa8       data     extern C:\MCC18\src\traditional\proc\p18F1320.asm
                    EEADR   0x000fa9       data     extern C:\MCC18\src\traditional\proc\p18F1320.asm
                  BAUDCTL   0x000faa       data     extern C:\MCC18\src\traditional\proc\p18F1320.asm
              BAUDCTLbits   0x000faa       data     extern C:\MCC18\src\traditional\proc\p18F1320.asm
                RCSTAbits   0x000fab       data     extern C:\MCC18\src\traditional\proc\p18F1320.asm
                    RCSTA   0x000fab       data     extern C:\MCC18\src\traditional\proc\p18F1320.asm
                TXSTAbits   0x000fac       data     extern C:\MCC18\src\traditional\proc\p18F1320.asm
                    TXSTA   0x000fac       data     extern C:\MCC18\src\traditional\proc\p18F1320.asm
                    TXREG   0x000fad       data     extern C:\MCC18\src\traditional\proc\p18F1320.asm
                    RCREG   0x000fae       data     extern C:\MCC18\src\traditional\proc\p18F1320.asm
                    SPBRG   0x000faf       data     extern C:\MCC18\src\traditional\proc\p18F1320.asm
                   SPBRGH   0x000fb0       data     extern C:\MCC18\src\traditional\proc\p18F1320.asm
                    T3CON   0x000fb1       data     extern C:\MCC18\src\traditional\proc\p18F1320.asm
                T3CONbits   0x000fb1       data     extern C:\MCC18\src\traditional\proc\p18F1320.asm
                    TMR3L   0x000fb2       data     extern C:\MCC18\src\traditional\proc\p18F1320.asm
                    TMR3H   0x000fb3       data     extern C:\MCC18\src\traditional\proc\p18F1320.asm
               ECCPASbits   0x000fb6       data     extern C:\MCC18\src\traditional\proc\p18F1320.asm
                   ECCPAS   0x000fb6       data     extern C:\MCC18\src\traditional\proc\p18F1320.asm
                  PWM1CON   0x000fb7       data     extern C:\MCC18\src\traditional\proc\p18F1320.asm
              PWM1CONbits   0x000fb7       data     extern C:\MCC18\src\traditional\proc\p18F1320.asm
                  CCP1CON   0x000fbd       data     extern C:\MCC18\src\traditional\proc\p18F1320.asm
              CCP1CONbits   0x000fbd       data     extern C:\MCC18\src\traditional\proc\p18F1320.asm
                   CCPR1L   0x000fbe       data     extern C:\MCC18\src\traditional\proc\p18F1320.asm
                    CCPR1   0x000fbe       data     extern C:\MCC18\src\traditional\proc\p18F1320.asm
                   CCPR1H   0x000fbf       data     extern C:\MCC18\src\traditional\proc\p18F1320.asm
                   ADCON2   0x000fc0       data     extern C:\MCC18\src\traditional\proc\p18F1320.asm
               ADCON2bits   0x000fc0       data     extern C:\MCC18\src\traditional\proc\p18F1320.asm
               ADCON1bits   0x000fc1       data     extern C:\MCC18\src\traditional\proc\p18F1320.asm
                   ADCON1   0x000fc1       data     extern C:\MCC18\src\traditional\proc\p18F1320.asm
                   ADCON0   0x000fc2       data     extern C:\MCC18\src\traditional\proc\p18F1320.asm
               ADCON0bits   0x000fc2       data     extern C:\MCC18\src\traditional\proc\p18F1320.asm
                    ADRES   0x000fc3       data     extern C:\MCC18\src\traditional\proc\p18F1320.asm
                   ADRESL   0x000fc3       data     extern C:\MCC18\src\traditional\proc\p18F1320.asm
                   ADRESH   0x000fc4       data     extern C:\MCC18\src\traditional\proc\p18F1320.asm
                    T2CON   0x000fca       data     extern C:\MCC18\src\traditional\proc\p18F1320.asm
                T2CONbits   0x000fca       data     extern C:\MCC18\src\traditional\proc\p18F1320.asm
                      PR2   0x000fcb       data     extern C:\MCC18\src\traditional\proc\p18F1320.asm
                     TMR2   0x000fcc       data     extern C:\MCC18\src\traditional\proc\p18F1320.asm
                    T1CON   0x000fcd       data     extern C:\MCC18\src\traditional\proc\p18F1320.asm
                T1CONbits   0x000fcd       data     extern C:\MCC18\src\traditional\proc\p18F1320.asm
                    TMR1L   0x000fce       data     extern C:\MCC18\src\traditional\proc\p18F1320.asm
                    TMR1H   0x000fcf       data     extern C:\MCC18\src\traditional\proc\p18F1320.asm
                 RCONbits   0x000fd0       data     extern C:\MCC18\src\traditional\proc\p18F1320.asm
                     RCON   0x000fd0       data     extern C:\MCC18\src\traditional\proc\p18F1320.asm
               WDTCONbits   0x000fd1       data     extern C:\MCC18\src\traditional\proc\p18F1320.asm
                   WDTCON   0x000fd1       data     extern C:\MCC18\src\traditional\proc\p18F1320.asm
               LVDCONbits   0x000fd2       data     extern C:\MCC18\src\traditional\proc\p18F1320.asm
                   LVDCON   0x000fd2       data     extern C:\MCC18\src\traditional\proc\p18F1320.asm
               OSCCONbits   0x000fd3       data     extern C:\MCC18\src\traditional\proc\p18F1320.asm
                   OSCCON   0x000fd3       data     extern C:\MCC18\src\traditional\proc\p18F1320.asm
                T0CONbits   0x000fd5       data     extern C:\MCC18\src\traditional\proc\p18F1320.asm
                    T0CON   0x000fd5       data     extern C:\MCC18\src\traditional\proc\p18F1320.asm
                    TMR0L   0x000fd6       data     extern C:\MCC18\src\traditional\proc\p18F1320.asm
                    TMR0H   0x000fd7       data     extern C:\MCC18\src\traditional\proc\p18F1320.asm
                   STATUS   0x000fd8       data     extern C:\MCC18\src\traditional\proc\p18F1320.asm
               STATUSbits   0x000fd8       data     extern C:\MCC18\src\traditional\proc\p18F1320.asm
                     FSR2   0x000fd9       data     extern C:\MCC18\src\traditional\proc\p18F1320.asm
                    FSR2L   0x000fd9       data     extern C:\MCC18\src\traditional\proc\p18F1320.asm
                    FSR2H   0x000fda       data     extern C:\MCC18\src\traditional\proc\p18F1320.asm
                   PLUSW2   0x000fdb       data     extern C:\MCC18\src\traditional\proc\p18F1320.asm
                  PREINC2   0x000fdc       data     extern C:\MCC18\src\traditional\proc\p18F1320.asm
                 POSTDEC2   0x000fdd       data     extern C:\MCC18\src\traditional\proc\p18F1320.asm
                 POSTINC2   0x000fde       data     extern C:\MCC18\src\traditional\proc\p18F1320.asm
                    INDF2   0x000fdf       data     extern C:\MCC18\src\traditional\proc\p18F1320.asm
                      BSR   0x000fe0       data     extern C:\MCC18\src\traditional\proc\p18F1320.asm
                    FSR1L   0x000fe1       data     extern C:\MCC18\src\traditional\proc\p18F1320.asm
                     FSR1   0x000fe1       data     extern C:\MCC18\src\traditional\proc\p18F1320.asm
                    FSR1H   0x000fe2       data     extern C:\MCC18\src\traditional\proc\p18F1320.asm
                   PLUSW1   0x000fe3       data     extern C:\MCC18\src\traditional\proc\p18F1320.asm
                  PREINC1   0x000fe4       data     extern C:\MCC18\src\traditional\proc\p18F1320.asm
                 POSTDEC1   0x000fe5       data     extern C:\MCC18\src\traditional\proc\p18F1320.asm
                 POSTINC1   0x000fe6       data     extern C:\MCC18\src\traditional\proc\p18F1320.asm
                    INDF1   0x000fe7       data     extern C:\MCC18\src\traditional\proc\p18F1320.asm
                     WREG   0x000fe8       data     extern C:\MCC18\src\traditional\proc\p18F1320.asm
                        W   0x000fe8       data     extern C:\MCC18\src\traditional\proc\p18F1320.asm
                     FSR0   0x000fe9       data     extern C:\MCC18\src\traditional\proc\p18F1320.asm
                    FSR0L   0x000fe9       data     extern C:\MCC18\src\traditional\proc\p18F1320.asm
                    FSR0H   0x000fea       data     extern C:\MCC18\src\traditional\proc\p18F1320.asm
                   PLUSW0   0x000feb       data     extern C:\MCC18\src\traditional\proc\p18F1320.asm
                  PREINC0   0x000fec       data     extern C:\MCC18\src\traditional\proc\p18F1320.asm
                 POSTDEC0   0x000fed       data     extern C:\MCC18\src\traditional\proc\p18F1320.asm
                 POSTINC0   0x000fee       data     extern C:\MCC18\src\traditional\proc\p18F1320.asm
                    INDF0   0x000fef       data     extern C:\MCC18\src\traditional\proc\p18F1320.asm
              INTCON3bits   0x000ff0       data     extern C:\MCC18\src\traditional\proc\p18F1320.asm
                  INTCON3   0x000ff0       data     extern C:\MCC18\src\traditional\proc\p18F1320.asm
              INTCON2bits   0x000ff1       data     extern C:\MCC18\src\traditional\proc\p18F1320.asm
                  INTCON2   0x000ff1       data     extern C:\MCC18\src\traditional\proc\p18F1320.asm
               INTCONbits   0x000ff2       data     extern C:\MCC18\src\traditional\proc\p18F1320.asm
                   INTCON   0x000ff2       data     extern C:\MCC18\src\traditional\proc\p18F1320.asm
                     PROD   0x000ff3       data     extern C:\MCC18\src\traditional\proc\p18F1320.asm
                    PRODL   0x000ff3       data     extern C:\MCC18\src\traditional\proc\p18F1320.asm
                    PRODH   0x000ff4       data     extern C:\MCC18\src\traditional\proc\p18F1320.asm
                   TABLAT   0x000ff5       data     extern C:\MCC18\src\traditional\proc\p18F1320.asm
                   TBLPTR   0x000ff6       data     extern C:\MCC18\src\traditional\proc\p18F1320.asm
                  TBLPTRL   0x000ff6       data     extern C:\MCC18\src\traditional\proc\p18F1320.asm
                  TBLPTRH   0x000ff7       data     extern C:\MCC18\src\traditional\proc\p18F1320.asm
                  TBLPTRU   0x000ff8       data     extern C:\MCC18\src\traditional\proc\p18F1320.asm
                      PCL   0x000ff9       data     extern C:\MCC18\src\traditional\proc\p18F1320.asm
                       PC   0x000ff9       data     extern C:\MCC18\src\traditional\proc\p18F1320.asm
                   PCLATH   0x000ffa       data     extern C:\MCC18\src\traditional\proc\p18F1320.asm
                   PCLATU   0x000ffb       data     extern C:\MCC18\src\traditional\proc\p18F1320.asm
               STKPTRbits   0x000ffc       data     extern C:\MCC18\src\traditional\proc\p18F1320.asm
                   STKPTR   0x000ffc       data     extern C:\MCC18\src\traditional\proc\p18F1320.asm
                      TOS   0x000ffd       data     extern C:\MCC18\src\traditional\proc\p18F1320.asm
                     TOSL   0x000ffd       data     extern C:\MCC18\src\traditional\proc\p18F1320.asm
                     TOSH   0x000ffe       data     extern C:\MCC18\src\traditional\proc\p18F1320.asm
                     TOSU   0x000fff       data     extern C:\MCC18\src\traditional\proc\p18F1320.asm


